🚀 Starting user import process...
📍 Supabase URL: https://ldxscjxoakqrmkgqwwhr.supabase.co

📊 Found 1074 users to import

❌ Failed to create user: giancarloweddings@gmail.com
   Error: A user with this email address has already been registered
❌ Failed to create user: zerodasfreak@gmail.com
   Error: A user with this email address has already been registered
❌ Failed to create user: seannaharper0228@gmail.com
   Error: A user with this email address has already been registered
❌ Failed to create user: gallowaymissey@gmail.com
   Error: A user with this email address has already been registered
❌ Failed to create user: destanemariephotography@gmail.com
   Error: A user with this email address has already been registered
❌ Failed to create user: ms.celinacelina@gmail.com
   Error: A user with this email address has already been registered
❌ Failed to create user: shakalblackwell1@gmail.com
   Error: A user with this email address has already been registered
❌ Failed to create user: ashleyneufang@gmail.com
   Error: A user with this email address has already been registered
❌ Failed to create user: thejamesmontero@gmail.com
   Error: A user with this email address has already been registered
❌ Failed to create user: bjoquin5@gmail.com
   Error: A user with this email address has already been registered
❌ Failed to create user: beauvahey894@gmail.com
   Error: A user with this email address has already been registered
❌ Failed to create user: fazoolmail1@gmail.com
   Error: A user with this email address has already been registered
❌ Failed to create user: d.duran83@icloud.com
   Error: A user with this email address has already been registered
❌ Failed to create user: ella@enoelphotography.com
   Error: A user with this email address has already been registered
❌ Failed to create user: wavingflags45@gmail.com
   Error: A user with this email address has already been registered
❌ Failed to create user: betweenthetales@gmail.com
   Error: A user with this email address has already been registered
❌ Failed to create user: joshpremako@gmail.com
   Error: A user with this email address has already been registered
❌ Failed to create user: monica_crook@outlook.com
   Error: A user with this email address has already been registered
❌ Failed to create user: alondrara.photography@gmail.com
   Error: A user with this email address has already been registered
❌ Failed to create user: vaveaovavao@gmail.com
   Error: A user with this email address has already been registered
❌ Failed to create user: levinchidesigns@gmail.com
   Error: A user with this email address has already been registered
❌ Failed to create user: bentleymahakij@gmail.com
   Error: A user with this email address has already been registered
❌ Failed to create user: sergeiphotoart@gmail.com
   Error: A user with this email address has already been registered
❌ Failed to create user: dazerickphotography@gmail.com
   Error: A user with this email address has already been registered
❌ Failed to create user: cesarcapple2@gmail.com
   Error: A user with this email address has already been registered
❌ Failed to create user: jonahmunoz@faithbaptist.org
   Error: A user with this email address has already been registered
❌ Failed to create user: jlc31699@gmail.com
   Error: A user with this email address has already been registered
❌ Failed to create user: mikaylarosener@gmail.com
   Error: A user with this email address has already been registered
❌ Failed to create user: frostkarley217@gmail.com
   Error: A user with this email address has already been registered
❌ Failed to create user: dovakiin1101@gmail.com
   Error: A user with this email address has already been registered
❌ Failed to create user: arrimattej@gmail.com
   Error: A user with this email address has already been registered
❌ Failed to create user: jasper.whalen@yahoo.com
   Error: A user with this email address has already been registered
❌ Failed to create user: garciaemma225@gmail.com
   Error: A user with this email address has already been registered
❌ Failed to create user: hilltopvid@gmail.com
   Error: A user with this email address has already been registered
❌ Failed to create user: eyost731@gmail.com
   Error: A user with this email address has already been registered
❌ Failed to create user: russi99@gmail.com
   Error: A user with this email address has already been registered
❌ Failed to create user: ojayden305@gmail.com
   Error: A user with this email address has already been registered
❌ Failed to create user: zou.celia@yahoo.com
   Error: A user with this email address has already been registered
❌ Failed to create user: smccaule@syr.edu
   Error: A user with this email address has already been registered
❌ Failed to create user: jonathani.moore@yahoo.com
   Error: A user with this email address has already been registered
❌ Failed to create user: visualsbytiaa@gmail.com
   Error: A user with this email address has already been registered
❌ Failed to create user: maluantillon.7@fmail.com
   Error: A user with this email address has already been registered
❌ Failed to create user: yasmaropenshaw@gmail.com
   Error: A user with this email address has already been registered
❌ Failed to create user: levicapoeman@hotmail.com
   Error: A user with this email address has already been registered
❌ Failed to create user: amal.sharif05@gmail.com
   Error: A user with this email address has already been registered
❌ Failed to create user: najeraruben@gmail.com
   Error: A user with this email address has already been registered
❌ Failed to create user: ddinadja@gmail.com
   Error: A user with this email address has already been registered
✅ Successfully created user: elsie.essex22@gmail.com
✅ Successfully created user: marysiarose16@gmail.com
✅ Successfully created user: orangecappictures@gmail.com
✅ Successfully created user: christopherchemel@gmail.com
✅ Successfully created user: ashley.barton1790@gmail.com
✅ Successfully created user: franknatal@gmail.com
✅ Successfully created user: danielbarretoj737@gmail.com
✅ Successfully created user: focusframetexas@gmail.com
✅ Successfully created user: picturethat1001@gmail.com
✅ Successfully created user: pikaproductions1908@outlook.com
✅ Successfully created user: jenabphotography@gmail.com
✅ Successfully created user: mark.azuela@yahoo.com
✅ Successfully created user: alexiamoralesphotography@gmail.com
✅ Successfully created user: felicitycampbell07@gmail.com
✅ Successfully created user: volynetskarina@gmail.com
✅ Successfully created user: scott@alensmedia.com
✅ Successfully created user: jeriel.young@gmail.com
✅ Successfully created user: mackjasmine33@gmail.com
✅ Successfully created user: hughes2287@gmail.com
✅ Successfully created user: alexissouth21@gmail.com
✅ Successfully created user: jabberwalky.photos@gmail.com
✅ Successfully created user: lioneyezent@gmail.com
✅ Successfully created user: vyshonne26@gmail.com
✅ Successfully created user: alexishenson720@gmail.com
✅ Successfully created user: jeanlezin43@gmail.com
✅ Successfully created user: mario_t14@hotmail.com
✅ Successfully created user: ecoloco@mac.com
✅ Successfully created user: lionheartfilm@gmail.com
✅ Successfully created user: ahenry1722@gmail.com
✅ Successfully created user: thefruitexperiment@gmail.com
✅ Successfully created user: joshua.warnke0829@gmail.com
✅ Successfully created user: photosbyavalyn@gmail.com
✅ Successfully created user: lynnb2012@gmail.com
✅ Successfully created user: janelmarlow123@gmail.com
✅ Successfully created user: isaac417479@gmail.com
✅ Successfully created user: wilwesstudios@gmail.com
✅ Successfully created user: alexxuns93@gmail.com
✅ Successfully created user: autumnrainephotos@gmail.com
✅ Successfully created user: sanguismoon@gmail.com
✅ Successfully created user: dylan@redbrushcreative.com
✅ Successfully created user: bridegraeve@gmail.com
✅ Successfully created user: andrew@cinematicroad.com
✅ Successfully created user: nestoradmiin@gmail.com
✅ Successfully created user: iambishop.roc@gmail.com
✅ Successfully created user: revolvingarachnid@gmail.com
✅ Successfully created user: trentbender1995@gmail.com
✅ Successfully created user: dmorrj1@gmail.com
✅ Successfully created user: kightdj@gmail.com
✅ Successfully created user: emileen.gonzalez@gmail.com
✅ Successfully created user: laurenic03@gmail.com
✅ Successfully created user: charlyadie1110@gmail.com
✅ Successfully created user: mr.marufrakib@gmail.com
✅ Successfully created user: jruggiero62@yahoo.com
✅ Successfully created user: allerslandyn@gmail.com
✅ Successfully created user: blakebooth87@icloud.com
✅ Successfully created user: beach.bobbie95@gmail.com
✅ Successfully created user: sharonnawaya@gmail.com
✅ Successfully created user: sadieouatfan@gmail.com
✅ Successfully created user: mendes101@icloud.com
✅ Successfully created user: dave.grad99@gmail.com
✅ Successfully created user: dang079@gmail.com
✅ Successfully created user: karlaosouza713@gmail.com
✅ Successfully created user: ravibutler@gmail.com
✅ Successfully created user: baythompson06@gmail.com
✅ Successfully created user: tarellejackson67@gmail.com
✅ Successfully created user: craigdsmithpdx@gmail.com
✅ Successfully created user: helen.jun2004@gmail.com
✅ Successfully created user: jeighmee@gmail.com
✅ Successfully created user: arius.carter1@gmail.com
✅ Successfully created user: willboone129@gmail.com
✅ Successfully created user: carissa.kapsalis@gmail.com
✅ Successfully created user: abecker@artbeckerphoto.com
✅ Successfully created user: saulcdisla@gmail.com
✅ Successfully created user: salgadocesarroman@gmail.com
✅ Successfully created user: panashemutekede@gmail.com
✅ Successfully created user: chrisxboth@gmail.com
✅ Successfully created user: labwele@gmail.com
✅ Successfully created user: jlynnholcomb@gmail.com
✅ Successfully created user: adamscerenitee@icloud.com
✅ Successfully created user: ashleychapmanphotography@yahoo.com
✅ Successfully created user: brownjabari06@gmail.com
✅ Successfully created user: brittany.thomas18@yahoo.com
✅ Successfully created user: kosavisuals@gmail.com
✅ Successfully created user: moluna2022@gmail.com
✅ Successfully created user: alexandre@tolipanphotos.com
✅ Successfully created user: eddycommabrandon@gmail.com
✅ Successfully created user: john.p.piekarski@gmail.com
✅ Successfully created user: artsbynjoroge@gmail.com
✅ Successfully created user: naira.sarin.02@gmail.com
✅ Successfully created user: kennedy.j.ynclan@gmail.com
✅ Successfully created user: ccatania921@gmail.com
✅ Successfully created user: b.colbyphoto@gmail.com
✅ Successfully created user: tony@dayoh.net
✅ Successfully created user: mstriggs1988@gmail.com
✅ Successfully created user: jamie.ashworth00@gmail.com
✅ Successfully created user: teddiemanerrr@gamil.com
✅ Successfully created user: jessejvanderpool@gmail.com
✅ Successfully created user: davidrod11111@gmail.com
✅ Successfully created user: saundersproductions2002@yahoo.com
✅ Successfully created user: catt.hendrix@gmail.com
✅ Successfully created user: allisonself529@gmail.com
✅ Successfully created user: email.jameslking@gmail.com
✅ Successfully created user: kanijhajhanae@gmail.com
✅ Successfully created user: 5150visions@gmail.com
✅ Successfully created user: aidargabdrakhman@gmail.com
✅ Successfully created user: antonioponti@me.com
✅ Successfully created user: ramoncamp94@gmail.com
✅ Successfully created user: msanford240@gmail.com
✅ Successfully created user: mssphotography06@gmail.com
✅ Successfully created user: shellyshoots0@gmail.com
✅ Successfully created user: alvovnazyryanova@gmail.com
✅ Successfully created user: sirenasalazar2@gmail.com
✅ Successfully created user: tarik@thehiddencreation.com
✅ Successfully created user: stewlensphoto@gmail.com
✅ Successfully created user: bowledoverphotography@gmail.com
✅ Successfully created user: attreophotography@gmail.com
✅ Successfully created user: asarge8412@gmail.com
✅ Successfully created user: rmdetore20@gmail.com
✅ Successfully created user: weatherlycody1987@gmail.com
✅ Successfully created user: cozyscustomdesignz@gmail.com
✅ Successfully created user: madisonbopp88@gmail.com
✅ Successfully created user: laurensempfphotography@gmail.com
✅ Successfully created user: jamievillines2015@gmail.com
✅ Successfully created user: longhornworking@gmail.com
✅ Successfully created user: alainamkozak@gmail.com
✅ Successfully created user: threestixproductions@gmail.com
✅ Successfully created user: lonelllewisphotography@gmail.com
✅ Successfully created user: megjmackenzie@gmail.com
✅ Successfully created user: michael.chen@example.com
✅ Successfully created user: roersdaniel@gmail.com
✅ Successfully created user: mgbarber2003@gmail.com
✅ Successfully created user: jai@creativeknightmare.com
✅ Successfully created user: chilljoker13@gmail.com
✅ Successfully created user: thebluesaiint@yahoo.com
✅ Successfully created user: stanceboizjay@gmail.com
✅ Successfully created user: nbc23159@gmail.com
✅ Successfully created user: richardspatrick@rocketmail.com
✅ Successfully created user: qxin1130@gmail.com
✅ Successfully created user: raelenephotography@gmail.com
✅ Successfully created user: jaysontv@gmail.com
✅ Successfully created user: lhjvisuals@gmail.com
✅ Successfully created user: alexanriamitchell1991@gmail.com
✅ Successfully created user: rooseveltjones194@yahoo.com
✅ Successfully created user: thatonephotos@gmail.com
✅ Successfully created user: treetops.ski.guru@gmail.com
✅ Successfully created user: dariemcolumbie@gmail.com
✅ Successfully created user: jasper@sharpandfocused.com
✅ Successfully created user: renaldymarin@gmail.com
✅ Successfully created user: dangelo@dangelostudios.com
✅ Successfully created user: csardarli@gmail.com
✅ Successfully created user: brooke.roth21@gmail.com
✅ Successfully created user: patience.c0901@gmail.com
✅ Successfully created user: claudiacigan214@gmail.com
✅ Successfully created user: danitrusports@gmail.com
✅ Successfully created user: najay.harrison@gmail.com
✅ Successfully created user: obscurityredefined@gmail.com
✅ Successfully created user: rontsui13@gmail.com
✅ Successfully created user: tywilliamson24@gmail.com
✅ Successfully created user: abigailablessing@gmail.com
✅ Successfully created user: andriypolietov@gmail.com
✅ Successfully created user: alexis.rantzow07@gmail.com
✅ Successfully created user: sawyerwes@yahoo.com
✅ Successfully created user: matiasmontero700@gmail.com
✅ Successfully created user: jovanipsn@gmail.com
✅ Successfully created user: ipixphoto@gmail.com
✅ Successfully created user: luispastore714@gmail.com
✅ Successfully created user: michelle@ritchey24.com
✅ Successfully created user: denierosmith7@gmail.com
✅ Successfully created user: anaderolart@gmail.com
✅ Successfully created user: cranetyra3@gmail.com
✅ Successfully created user: jonathancohen341@gmail.com
✅ Successfully created user: ksdemons1@gmail.com
✅ Successfully created user: starkslukas@gmail.com
✅ Successfully created user: mikev5501@gmail.com
✅ Successfully created user: tneighusaf@gmail.com
✅ Successfully created user: chandradaniels79@gmail.com
✅ Successfully created user: tlcphotography15@gmail.com
✅ Successfully created user: capturedbykace1@gmail.com
✅ Successfully created user: wintermartinezwm26@gmail.com
✅ Successfully created user: imthekidd6@gmail.com
✅ Successfully created user: moo1981@gmail.com
✅ Successfully created user: lampleydenzel@gmail.com
✅ Successfully created user: meghanak.rh10@gmail.com
✅ Successfully created user: charlielowery98@gmail.com
✅ Successfully created user: mela1@live.com
✅ Successfully created user: oooshescrying@gmail.com
✅ Successfully created user: kels706@yahoo.com
✅ Successfully created user: bp23.films@gmail.com
✅ Successfully created user: inspiredvideo1972@gmail.com
✅ Successfully created user: limonphotography@icloud.com
✅ Successfully created user: shanta@shantacovington.com
✅ Successfully created user: danielkaratsev@gmail.com
✅ Successfully created user: c3productionsllc@outlook.com
✅ Successfully created user: skyboundmedia215@gmail.com
✅ Successfully created user: nsdanaei@gmail.com
✅ Successfully created user: largemthproductions@gmail.com
✅ Successfully created user: websterspix@gmail.com
✅ Successfully created user: ivyjaneca@gmail.com
✅ Successfully created user: dormanvisualart@gmail.com
✅ Successfully created user: abeckwith421@outlook.com
✅ Successfully created user: babytographer@gmail.com
✅ Successfully created user: shamus419@gmail.com
✅ Successfully created user: pashmalee@yahoo.com
✅ Successfully created user: lizalynn420@icloud.com
✅ Successfully created user: inkoblack@gmail.com
✅ Successfully created user: kruda2020@gmail.com
✅ Successfully created user: asadsyed966@gmail.com
✅ Successfully created user: deborahtemmanuel@gmail.com
✅ Successfully created user: ryanjbolger@gmail.com
✅ Successfully created user: hello@danieljaycanuday.com
✅ Successfully created user: photosbymichellepulfer14@gmail.com
✅ Successfully created user: brendandowd3@gmail.com
✅ Successfully created user: beagleman453@gmail.com
✅ Successfully created user: karlicheng98@gmail.com
✅ Successfully created user: k.stillwell1776@gmail.com
✅ Successfully created user: nirelandwork8@gmail.com
✅ Successfully created user: jtwphotosva@gmail.com
✅ Successfully created user: dustine.lengrand.20@gmail.com
✅ Successfully created user: stephaniesliwka@gmail.com
✅ Successfully created user: chris@chrisfoxphoto.com
✅ Successfully created user: katherineeldridge4@gmail.com
✅ Successfully created user: elikimgreen@gmail.com
✅ Successfully created user: shahodakel1@gmail.com
✅ Successfully created user: allenseth36@gmail.com
✅ Successfully created user: jennmcdaniels@gmail.com
✅ Successfully created user: westownstudio@gmail.com
✅ Successfully created user: findleyproductions@gmail.com
✅ Successfully created user: ref79@hotmail.com
✅ Successfully created user: brittneynicolelopez@gmail.com
✅ Successfully created user: josephjin11456@gmail.com
✅ Successfully created user: ky@keastudios.com
✅ Successfully created user: alexcurtisediting@gmail.com
✅ Successfully created user: no-reply@dropbox.com
✅ Successfully created user: brooksa1023@gmail.com
✅ Successfully created user: whitingam@gmail.com
✅ Successfully created user: turfycutie121@yahoo.com
✅ Successfully created user: tasmanforsythe28@gmail.com
✅ Successfully created user: oldschoolafro@aol.com
✅ Successfully created user: eric@muraphotography.com
✅ Successfully created user: ricardsr95@gmail.com
✅ Successfully created user: jiovani@nomattermedia.com
✅ Successfully created user: azjargaldelight@gmail.com
✅ Successfully created user: wabali55@gmail.com
✅ Successfully created user: colliner2@gmail.com
✅ Successfully created user: nozlivethegoat@gmail.com
✅ Successfully created user: taylor.ganter@gmail.com
✅ Successfully created user: chavindums@gmail.com
✅ Successfully created user: mark.e.carosiello@gmail.com
✅ Successfully created user: jakebensulock@gmail.com
✅ Successfully created user: linkversestudio@gmail.com
✅ Successfully created user: victoriaoteizagonzalez@gmail.com
✅ Successfully created user: info@michaelaclarkstudios.com
✅ Successfully created user: don@coffeeandcreamproductions.com
✅ Successfully created user: natallynita@gmail.com
✅ Successfully created user: devonwashere2001@gmail.com
✅ Successfully created user: brandonmatafilm@gmail.com
✅ Successfully created user: chriswaymon@gmail.com
✅ Successfully created user: acvedge1134@gmail.com
✅ Successfully created user: paulhirschphotographyllc@gmail.com
✅ Successfully created user: edhauber@yahoo.com
✅ Successfully created user: alicia15dail@gmail.com
✅ Successfully created user: sr712778@gmail.com
✅ Successfully created user: eelavon19@gmail.com
✅ Successfully created user: rayfiligrana@gmail.com
✅ Successfully created user: michellebeheler12043@gmail.com
✅ Successfully created user: ujim011@gmail.com
✅ Successfully created user: gio.braap@gmail.com
✅ Successfully created user: devinrjoyner@gmail.com
✅ Successfully created user: anunsons@gmail.com
✅ Successfully created user: michaelsundburg@gmail.com
✅ Successfully created user: jrhubbard003@gmail.com
✅ Successfully created user: fypproductions7@gmail.com
✅ Successfully created user: charmvhh@gmail.com
✅ Successfully created user: nycoleellis@gmail.com
✅ Successfully created user: cbear2019@gmail.com
✅ Successfully created user: showthework@yahoo.com
✅ Successfully created user: tavareslee@icloud.com
✅ Successfully created user: marcusmccord2000@gmail.com
✅ Successfully created user: traciloveandphotos@gmail.com
✅ Successfully created user: threenailsphotography23@gmail.com
✅ Successfully created user: rafaelcmercedes@gmail.com
✅ Successfully created user: beastupfilms@gmail.com
✅ Successfully created user: rpsj-photos@outlook.com
✅ Successfully created user: sdrouse1419@gmail.com
✅ Successfully created user: dbombthebroken@gmail.com
✅ Successfully created user: malorycain1@gmail.com
✅ Successfully created user: rodger@rodgerphoto.com
✅ Successfully created user: yahirmartinez0701@gmail.com
✅ Successfully created user: stevensegal306@gmail.com
✅ Successfully created user: donovan.martin03@gmail.com
✅ Successfully created user: venegasstudios@gmail.com
✅ Successfully created user: sam@insyncmedia.biz
✅ Successfully created user: oliolirae01@gmail.com
✅ Successfully created user: timryan311@aol.com
✅ Successfully created user: danielle.fuller0614@gmail.com
✅ Successfully created user: jordoo50@gmail.com
✅ Successfully created user: andycfilmstudio@gmail.com
✅ Successfully created user: lizethhernandez161601@outlook.com
✅ Successfully created user: daygos.photography@gmail.com
✅ Successfully created user: drosado@outlook.com
✅ Successfully created user: britt1123@outlook.com
✅ Successfully created user: utmostphotos@gmail.com
✅ Successfully created user: jlbphotography73@yahoo.com
✅ Successfully created user: godlyphotos@gmail.com
✅ Successfully created user: hallcomvideo@gmail.com
✅ Successfully created user: cassidyhart2025@gmail.com
✅ Successfully created user: gabrielboyd4@gmail.com
✅ Successfully created user: photo@drewhughes.com
✅ Successfully created user: kaj122716@gmail.com
✅ Successfully created user: jozahnwood@gmail.com
✅ Successfully created user: marlonrproductions@gmail.com
✅ Successfully created user: loganlanguet20@gmail.com
✅ Successfully created user: lvmitsubishi@aol.com
✅ Successfully created user: elbutters_photo@yahoo.com
✅ Successfully created user: diffrentview32@gmail.com
✅ Successfully created user: bynum.william@gmail.com
✅ Successfully created user: asaucedo2300@gmail.com
✅ Successfully created user: tannerlangkamp@gmail.com
✅ Successfully created user: sabrinazndr9@gmail.com
✅ Successfully created user: vilchezj117@gmail.com
✅ Successfully created user: yevbel@gmail.com
✅ Successfully created user: michelecloughley@outlook.com
✅ Successfully created user: camkorbane@gmail.com
✅ Successfully created user: hollynoelstudios@gmail.com
✅ Successfully created user: lauramahlphotography@gmail.com
✅ Successfully created user: ttinmedia7@gmail.com
✅ Successfully created user: samishinn95@gmail.com
✅ Successfully created user: asocher218@gmail.com
✅ Successfully created user: wes@sawyervisuals.com
✅ Successfully created user: shannonmedia24@gmail.com
✅ Successfully created user: gonzalesalvinita@gmail.com
✅ Successfully created user: pthfndrphotography@gmail.com
✅ Successfully created user: koleacosta22@gmail.com
✅ Successfully created user: seasonedcontender@gmail.com
✅ Successfully created user: kkeyearl@yahoo.com
✅ Successfully created user: robertbonsall@magichourportraits.com
✅ Successfully created user: hotindastreets@aol.com
✅ Successfully created user: shakiemjamar@icloud.com
✅ Successfully created user: tashawniehunter@gmail.com
✅ Successfully created user: ajooimages@gmail.com
✅ Successfully created user: kellienmiles@gmail.con
✅ Successfully created user: rusphotoart@gmail.com
✅ Successfully created user: hilltaevion@gmail.com
✅ Successfully created user: nwcameraworks@gmail.com
✅ Successfully created user: jocelynandernacht@gmail.com
✅ Successfully created user: pardupay@gmail.com
✅ Successfully created user: makennawcreative@gmail.com
✅ Successfully created user: phales13@gmail.com
✅ Successfully created user: fantasia.conner@yahoo.com
✅ Successfully created user: rashad.nobles@gmail.com
✅ Successfully created user: cameron541223@gmail.com
✅ Successfully created user: justalittledaf@gmail.com
✅ Successfully created user: ag.radium88prod@gmail.com
✅ Successfully created user: bokia2345@gmail.com
✅ Successfully created user: birukr612@gmail.com
✅ Successfully created user: toddjoewebb@hotmail.co.uk
✅ Successfully created user: michael.ohaver.325@gmail.com
✅ Successfully created user: malcolmasberry@gmail.com
✅ Successfully created user: sunshine.mott2006@gmail.com
✅ Successfully created user: assan.toleu@gmail.com
✅ Successfully created user: betodeltoro@gmail.com
✅ Successfully created user: sarah.j@example.com
✅ Successfully created user: piercealexandermarks@gmail.com
✅ Successfully created user: matt@mattweaverpro.com
✅ Successfully created user: inglishhunter@gmail.com
✅ Successfully created user: floydd22@gmail.com
✅ Successfully created user: jotase506@gmail.com
✅ Successfully created user: jadephotofilm@gmail.com
✅ Successfully created user: mhpudlo25@gmail.com
✅ Successfully created user: shotbyhunna@gmail.com
✅ Successfully created user: emmathirsten@gmail.com
✅ Successfully created user: joyful.lens.captures@gmail.com
✅ Successfully created user: wendersenelus@gmail.com
✅ Successfully created user: juanjosemleal@gmail.com
✅ Successfully created user: photographybyjackibrinsley@gmail.com
✅ Successfully created user: derek.floyd90@gmail.com
✅ Successfully created user: mariaduncan1233@gmail.com
✅ Successfully created user: liligonzo25@gmail.com
✅ Successfully created user: juniorsharks11@gmail.com
✅ Successfully created user: mcameronfilm@gmail.com
✅ Successfully created user: a.rushing0718@gmail.com
✅ Successfully created user: contact.rafayahmad@gmail.com
✅ Successfully created user: ignacio319d@gmail.com
✅ Successfully created user: studio@loveandphotos.com
✅ Successfully created user: phillipjjahn@gmail.com
✅ Successfully created user: chemicalromance202@yahoo.com
✅ Successfully created user: arthurshores07@gmail.com
✅ Successfully created user: autumnrachelleb@gmail.com
✅ Successfully created user: blakebooth87@gmail.com
✅ Successfully created user: tonio_harris@yahoo.com
✅ Successfully created user: jimmylucia@gmail.com
✅ Successfully created user: timestampphotopdx@gmail.com
✅ Successfully created user: jrod171207@gmail.com
✅ Successfully created user: junfadera9@gmail.com
✅ Successfully created user: rswylie2000@yahoo.com
✅ Successfully created user: breonnawade03@gmail.com
✅ Successfully created user: learyjoshua8816@gmail.com
✅ Successfully created user: tablizophotography@gmail.com
✅ Successfully created user: lamija.dz17@gmail.com
✅ Successfully created user: martindarnell762@gmail.com
✅ Successfully created user: ariannastrathdee@gmail.com
✅ Successfully created user: newphotovideo@gmail.com
✅ Successfully created user: bephillips.sfg@gmail.com
✅ Successfully created user: menarezkalla2016@gmail.com
✅ Successfully created user: rahimirahila4@gmail.com
✅ Successfully created user: theolivepicture@gmail.com
✅ Successfully created user: ghammer.visuals@gmail.com
✅ Successfully created user: mwoodmansee25@gmail.com
✅ Successfully created user: cormeno2011@gmail.com
✅ Successfully created user: dartyrobert@gmail.com
✅ Successfully created user: karlaosouza714@gmail.com
✅ Successfully created user: abigailthorr@gmail.com
✅ Successfully created user: bryannanova@gmail.com
✅ Successfully created user: kellienmiles@gmail.com
✅ Successfully created user: bensoffer20@gmail.com
✅ Successfully created user: trevor.scott402@gmail.com
✅ Successfully created user: cvaval77@gmail.com
✅ Successfully created user: desktower@gmail.com
✅ Successfully created user: lacrimosa827@gmail.com
✅ Successfully created user: emma.lusby0508@gmail.com
✅ Successfully created user: maxmann127@gmail.com
✅ Successfully created user: marcherdesigns@gmail.com
✅ Successfully created user: teddiemanerrr@gmail.com
✅ Successfully created user: gracenova2024@gmail.com
✅ Successfully created user: alischrubba55@gmail.com
✅ Successfully created user: hayleymabry01@gmail.com
✅ Successfully created user: dwayne456@gmail.com
✅ Successfully created user: contact@letphim.com
✅ Successfully created user: rashadphotography713@gmail.com
✅ Successfully created user: ethani@ffchs.org
✅ Successfully created user: mehkyle@yahoo.com
✅ Successfully created user: emmanuelhall88@yahoo.com
✅ Successfully created user: lennonjd2000@hotmail.com
✅ Successfully created user: dl.photographyservices@gmail.com
✅ Successfully created user: bmacting@gmail.com
✅ Successfully created user: apolloreyes@gmail.com
✅ Successfully created user: alexmnesti@gmail.com
✅ Successfully created user: russellsamantha103@gmail.com
✅ Successfully created user: laroquebailey@icloud.com
✅ Successfully created user: gjh042110@gmail.com
✅ Successfully created user: stevenvorrath123@gmail.com
✅ Successfully created user: jacquelinetaylor1991@gmail.com
✅ Successfully created user: jayshondjohnson@gmail.com
✅ Successfully created user: shotsbyrynbiz@gmail.com
✅ Successfully created user: owensty33@gmail.com
✅ Successfully created user: bjorkpayton18@gmail.com
✅ Successfully created user: thejamesmayo@gmail.com
✅ Successfully created user: joeganklam@gmail.com
✅ Successfully created user: jasonkindred73@gmail.com
✅ Successfully created user: micahlancefilms@gmail.com
✅ Successfully created user: jkrahn927@gmail.com
✅ Successfully created user: kristenleighartist@gmail.com
✅ Successfully created user: weddings@simplycinematik.com
✅ Successfully created user: nikternyei@gmail.com
✅ Successfully created user: brian.w.clunie@gmail.com
✅ Successfully created user: imagemaker43@hotmail.com
✅ Successfully created user: daydreamcreationsphotography@gmail.com
✅ Successfully created user: josephcody05@gmail.com
✅ Successfully created user: lorimoss0127@gmail.com
✅ Successfully created user: og.saeedali@gmail.com
✅ Successfully created user: rosemarietsamas@aol.com
✅ Successfully created user: beatzandbarz21@icloud.com
✅ Successfully created user: erinsjourneys@gmail.com
✅ Successfully created user: crosslakemedia@gmail.com
✅ Successfully created user: jodie.small16@gmail.com
✅ Successfully created user: brooklynncisney2020@gmail.com
✅ Successfully created user: bruce@brucekushnick.com
✅ Successfully created user: jozahnwood@gmail.con
✅ Successfully created user: jenna_photog@yahoo.com
✅ Successfully created user: niedbalski.samantha01@gmail.com
✅ Successfully created user: mardo_kevorkian@yahoo.com
✅ Successfully created user: jcadet507@gmail.com
✅ Successfully created user: h2orichyrich48@gmail.com
✅ Successfully created user: christaporphoto@hotmail.com
✅ Successfully created user: apadilla07@outlook.com
✅ Successfully created user: nnguyen24135@gmail.com
✅ Successfully created user: lukasduartedocufilms@gmail.com
✅ Successfully created user: sumikofoto@gmail.com
✅ Successfully created user: cherryphotographs@icloud.com
✅ Successfully created user: lifeisadarkroom402@gmail.com
✅ Successfully created user: stonesoodo@gmail.com
✅ Successfully created user: mariostriggsphoto@gmail.com
✅ Successfully created user: gailan.wilson@gmail.com
✅ Successfully created user: urbexdaniel1@gmail.com
✅ Successfully created user: jdavismoranti@gmail.com
✅ Successfully created user: bibekrasailee8@gmail.com
✅ Successfully created user: ebrowny1992@gmail.com
✅ Successfully created user: megandoxey10@gmail.com
✅ Successfully created user: airthlily@gmail.com
✅ Successfully created user: joel614robinson@gmail.com
✅ Successfully created user: photoactivephotographyllc@gmail.com
✅ Successfully created user: estevanalva06@gmail.com
✅ Successfully created user: ahmed_4950@outlook.com
✅ Successfully created user: deionhayes4@gmail.com
✅ Successfully created user: ryanhertel2@gmail.com
✅ Successfully created user: anton@dapstudiosnyc.com
✅ Successfully created user: tasawurhussaink@gmail.com
✅ Successfully created user: l.e.gphotography01@gmail.com
✅ Successfully created user: jcscott1132@gmail.com
✅ Successfully created user: hvkanipe26@gmail.com
✅ Successfully created user: cbkathhh@gmail.com
✅ Successfully created user: mikebeswick12@gmail.com
✅ Successfully created user: shutterbug.bri.photography@gmail.com
✅ Successfully created user: ghphotographybrand@gmail.com
✅ Successfully created user: oliviarobinson474@gmail.com
✅ Successfully created user: jwmorrison04@gmail.com
✅ Successfully created user: ryanchastain@me.com
✅ Successfully created user: zaylonetroupe@gmail.com
✅ Successfully created user: matthew19962@gmail.com
✅ Successfully created user: jason@kirshman.net
✅ Successfully created user: alexisgiraud@msn.com
✅ Successfully created user: rachella.cepeda@yahoo.com
✅ Successfully created user: juanajuarez318@gmail.com
✅ Successfully created user: rickyenos@gmail.com
✅ Successfully created user: carrah.lear@gmail.com
✅ Successfully created user: kristene.gaasrud@gmail.com
✅ Successfully created user: konadudestiny11@gmail.com
✅ Successfully created user: hdabal97@gmail.com
✅ Successfully created user: daielijah@gmail.com
✅ Successfully created user: brycerambin58@gmail.com
✅ Successfully created user: jmdigitalny@gmail.com
✅ Successfully created user: courtneyelston2023@gmail.com
✅ Successfully created user: fmanning1@gmail.com
✅ Successfully created user: annamosby982@gmail.com
✅ Successfully created user: s.suricatta141@gmail.com
✅ Successfully created user: lillianwade.photography@gmail.com
✅ Successfully created user: rahman.07.sharif@gmail.com
✅ Successfully created user: baileybenjamin@myyahoo.com
✅ Successfully created user: nasyamcgee@gmail.com
✅ Successfully created user: jaciechey2@gmail.com
✅ Successfully created user: gavin02fuchs@gmail.com
✅ Successfully created user: melendezerick55@gmail.com
✅ Successfully created user: 19981116jin@gmail.com
✅ Successfully created user: kevinlayoff@gmail.com
✅ Successfully created user: info@stellarfilm.co
✅ Successfully created user: chelseaweakley17@gmail.com
✅ Successfully created user: brandonmejia66@yahoo.com
✅ Successfully created user: ahmedhaddad2008@gmail.com
✅ Successfully created user: andreydegtyarevcom@gmail.com
✅ Successfully created user: sydney.martin0005@temple.edu
✅ Successfully created user: kidus.adane.g@gmail.com
✅ Successfully created user: jscinemaarts@gmail.com
✅ Successfully created user: tuckerquinci@gmail.com
✅ Successfully created user: colegalloway2006@gmail.com
✅ Successfully created user: alexisclink2020@gmail.com
✅ Successfully created user: dany_macao@hotmail.es
✅ Successfully created user: edwardsnathan236@gmail.com
✅ Successfully created user: maigainpu@gmail.com
✅ Successfully created user: kinbergadam@gmail.com
✅ Successfully created user: johnson.fernando98@yahoo.com
✅ Successfully created user: eagleeyeviewllc@gmail.com
✅ Successfully created user: producer@abcpro.com
✅ Successfully created user: thisisjayp@gmail.com
✅ Successfully created user: photosbymichellelynn@gmail.com
✅ Successfully created user: phototherapymiami@gmail.com
✅ Successfully created user: montjoy47@yahoo.com
✅ Successfully created user: spenceralee116@gmail.com
✅ Successfully created user: eternalphotomoments@gmail.com
✅ Successfully created user: hhc.0078@gmail.com
✅ Successfully created user: jedull94@gmail.com
✅ Successfully created user: jovieadvincula.usa@gmail.com
✅ Successfully created user: petersonterrell@gmail.com
✅ Successfully created user: bigchampsphotography@gmail.com
✅ Successfully created user: ballesteros0050@gmail.com
✅ Successfully created user: natnaeleshetuseid@gmail.com
✅ Successfully created user: tariksparks@gmail.com
✅ Successfully created user: blackboxproductions25@gmail.com
✅ Successfully created user: ianpokriefkaphotography28@gmail.com
✅ Successfully created user: hawkeyeproinc@gmail.com
✅ Successfully created user: wbernardo1994@gmail.com
✅ Successfully created user: folabiluv4sure@gmail.com
✅ Successfully created user: prodbyjadennnn@gmail.com
✅ Successfully created user: alexandershess00@gmail.com
✅ Successfully created user: kaimichlmayrstudios@gmail.com
✅ Successfully created user: bridgmanfire5@gmail.com
✅ Successfully created user: chloeforshey@yahoo.com
✅ Successfully created user: lurkcorp@gmail.com
✅ Successfully created user: alexcerdenanyc@gmail.com
✅ Successfully created user: jmcgintyiv@gmail.com
✅ Successfully created user: navaemily3@gmail.com
✅ Successfully created user: johnathan406@yahoo.com
✅ Successfully created user: pthfndrphotographyco@gmail.com
✅ Successfully created user: eternal1optimist@gmail.com
✅ Successfully created user: delayni219@gmail.com
✅ Successfully created user: sarahjinnah2003@gmail.com
✅ Successfully created user: amandafeltz@icloud.com
✅ Successfully created user: robsorrelljr@gmail.com
✅ Successfully created user: maddylucasphoto@gmail.com
✅ Successfully created user: samseanphotography@gmail.com
✅ Successfully created user: kadajackson21@gmail.com
✅ Successfully created user: icgsofokles@gmail.com
✅ Successfully created user: patrickheaberlin@icloud.com
✅ Successfully created user: youngmoneytrina01@gmail.com
✅ Successfully created user: sanleepooh5@yahoo.com
✅ Successfully created user: elijah@squareatom.net
✅ Successfully created user: cardalboyd883@gmail.com
✅ Successfully created user: jayedhere007@gmail.com
✅ Successfully created user: sparkandfadephoto@gmail.com
✅ Successfully created user: jabbotography@gmail.com
✅ Successfully created user: brentpeasleephotography@gmail.com
✅ Successfully created user: frankyluproductions@gmail.com
✅ Successfully created user: edwingomez9439@gmail.com
✅ Successfully created user: jedull@jedullrich.com
✅ Successfully created user: nozlive2@gmail.com
✅ Successfully created user: 18tmitch@gmail.com
✅ Successfully created user: sasssyx@gmail.com
✅ Successfully created user: joannaschaus@gmail.com
✅ Successfully created user: kokoarose2003@gmail.com
✅ Successfully created user: zaccole85@gmail.com
✅ Successfully created user: cwinters830@gmail.com
✅ Successfully created user: aidanmaher767@gmail.com
✅ Successfully created user: marlenaartis.photography@gmail.com
✅ Successfully created user: azizbabyhsdc@gmail.com
✅ Successfully created user: deonterowellproduction@gmail.com
✅ Successfully created user: gabbytumpkins@gmail.com
✅ Successfully created user: a.ashleylogan1987@gmail.com
✅ Successfully created user: vanessatorrellesph@gmail.com
✅ Successfully created user: srawpdf@gmail.com
✅ Successfully created user: michellebradham14@gmail.com
✅ Successfully created user: caseycrocker@rocketmail.com
✅ Successfully created user: biggerdreamsvisualsinc@gmail.com
✅ Successfully created user: afoxall@gmail.com
✅ Successfully created user: s.morricephotography@gmail.com
✅ Successfully created user: pablomuniz@icloud.com
✅ Successfully created user: tracyriveraphotography@gmail.com
✅ Successfully created user: shotsbyryanbiz@gmail.com
✅ Successfully created user: bfdreyer@gmail.com
✅ Successfully created user: fidsstudiosphotography@gmail.com
✅ Successfully created user: jailen.burrell@yahoo.com
✅ Successfully created user: rayobriggs78@gmail.com
✅ Successfully created user: logancabrera73@gmail.com
✅ Successfully created user: amiralimir96@gmail.com
✅ Successfully created user: tokevinross@gmail.com
✅ Successfully created user: alexlongfilm@gmail.com
✅ Successfully created user: im@charityellison.com
✅ Successfully created user: mpuzonphoto@gmail.com
✅ Successfully created user: mtretola99@gmail.com
✅ Successfully created user: jardinrproductions@gmail.com
✅ Successfully created user: corona.ariana17@gmail.com
✅ Successfully created user: diego_ivangg@yahoo.com
✅ Successfully created user: jason32054@gmail.com
✅ Successfully created user: madelinemelragon@gmail.com
✅ Successfully created user: mr.fermin5@gmail.com
✅ Successfully created user: skhircock@gmail.com
✅ Successfully created user: fergmanphotography@gmail.com
✅ Successfully created user: sdavisphotorepair@gmail.com
✅ Successfully created user: lauren.aegerter@gmail.com
✅ Successfully created user: bebeauluke13@icloud.com
✅ Successfully created user: jennasoccerm@yahoo.com
✅ Successfully created user: beckssotophotography@gmail.com
✅ Successfully created user: davidtovarossa@gmail.com
✅ Successfully created user: brycelake11@gmail.com
✅ Successfully created user: antoinettetkenny@gmail.com
✅ Successfully created user: mhystead@hotmail.com
✅ Successfully created user: daeyoo117@gmail.com
✅ Successfully created user: nikkipurvisphoto@gmail.com
✅ Successfully created user: maximwindus@gmail.com
✅ Successfully created user: sarahjinnah02@gmail.com
✅ Successfully created user: bridget.l.conlogue@gmail.com
✅ Successfully created user: wanderbird.photographi@gmail.com
✅ Successfully created user: mconti32@gmail.com
✅ Successfully created user: grace.gont@gmail.com
✅ Successfully created user: aallen.3567@gmail.com
✅ Successfully created user: emelyespinophoto@gmail.com
✅ Successfully created user: elijahg1991@gmail.com
✅ Successfully created user: julia.kimlinger@gmail.com
✅ Successfully created user: panerendo@gmail.com
✅ Successfully created user: hi@alexfatemiart.com
✅ Successfully created user: danielvasta.photo@gmail.com
✅ Successfully created user: jessebrb1993@gmail.com
✅ Successfully created user: mrstracibailey@gmail.com
✅ Successfully created user: sydneehaasee@gmail.com
✅ Successfully created user: nadersaadallah@yahoo.com
✅ Successfully created user: naylormediagroup@gmail.com
✅ Successfully created user: photography.maor@gmail.com
✅ Successfully created user: courtneytennis01@yahoo.com
✅ Successfully created user: jtejane@ymail.com
✅ Successfully created user: ryanladd18@gmail.com
✅ Successfully created user: pooja.gill@gmail.com
✅ Successfully created user: chloelittlefield@yahoo.com
✅ Successfully created user: sweetsagittarius03@gmail.com
✅ Successfully created user: mathewkoh08@gmail.com
✅ Successfully created user: raymondyizhu@gmail.com
✅ Successfully created user: mvpmegan@live.com
✅ Successfully created user: 2017swilson@gmail.com
✅ Successfully created user: mtech.hung@gmail.com
✅ Successfully created user: contact@jessewardphotography.com
✅ Successfully created user: driggershanah@gmail.com
✅ Successfully created user: zhenyadorss@gmail.com
✅ Successfully created user: themitchellshannah@icloud.com
✅ Successfully created user: mojkhudaier2@gmail.com
✅ Successfully created user: moseswitchard@mostwantedphotollc.com
✅ Successfully created user: mason.jacoby1@gmail.com
✅ Successfully created user: esstraus1@gmail.com
✅ Successfully created user: ahmedmoumir17@gmail.com
✅ Successfully created user: christian.fiore@gmail.com
✅ Successfully created user: ctrafford@gmail.com
✅ Successfully created user: reaganaustinphotography@gmail.com
✅ Successfully created user: luc1dproductions@yahoo.com
✅ Successfully created user: escott2763@gmail.com
✅ Successfully created user: kaceewalker5@gmail.com
✅ Successfully created user: higherartproductions@icloud.com
✅ Successfully created user: charliereeseb@gmail.com
✅ Successfully created user: patphotography@proton.me
✅ Successfully created user: angelicabphotos@gmail.com
✅ Successfully created user: kalliadsit@gmail.com
✅ Successfully created user: csoto0808@gmail.com
✅ Successfully created user: directedbybel@gmail.com
✅ Successfully created user: buenavibra.co@gmail.com
✅ Successfully created user: pettyvisualz@gmail.com
✅ Successfully created user: kyndraboykin23@hotmail.com
✅ Successfully created user: yasishah@gmail.com
✅ Successfully created user: freemanarianna14@gmail.com
✅ Successfully created user: jescarcega02@gmail.com
✅ Successfully created user: christianmarrujo111@gmail.com
✅ Successfully created user: caroline.absher6@gmail.com
✅ Successfully created user: highvisuals95@gmail.com
✅ Successfully created user: dario@mdmfoto.com
✅ Successfully created user: b.gonn92@gmail.com
✅ Successfully created user: emartinez@emronmartinezphotography.com
✅ Successfully created user: jessica.park@example.com
✅ Successfully created user: jnsblondie76@yahoo.com
✅ Successfully created user: photosbykinz@gmail.com
✅ Successfully created user: beauhenderson@gmail.com
✅ Successfully created user: paul@enprod.com
✅ Successfully created user: tiffanylowery783@gmail.com
✅ Successfully created user: omererdem.ozturk@gmail.com
✅ Successfully created user: xb3005@gmail.com
✅ Successfully created user: pavelmolokanov@gmail.com
✅ Successfully created user: daultonsnow@gmail.com
✅ Successfully created user: rob_irie@yahoo.com
✅ Successfully created user: kaylonp.powell22@gmail.com
✅ Successfully created user: amirfaskander@gmail.com
✅ Successfully created user: kellykmcmanus@gmail.com
✅ Successfully created user: gerardtuyisenge17@gmail.com
✅ Successfully created user: woundedknightss@gmail.com
✅ Successfully created user: samgraf90@gmail.com
✅ Successfully created user: gabbyslovelens@gmail.com
✅ Successfully created user: pierremydenshear@gmail.com
✅ Successfully created user: mackinly.aly@gmail.com
✅ Successfully created user: krauselnoah@gmail.com
✅ Successfully created user: h80johns@gmail.com
✅ Successfully created user: alex.demets@gmail.com
✅ Successfully created user: kerrigandavi@gmail.com
✅ Successfully created user: nattanon.yama@gmail.com
✅ Successfully created user: jlove231170@gmail.com
✅ Successfully created user: innachirko.photography@gmail.com
✅ Successfully created user: jessietaniqua93@gmail.com
✅ Successfully created user: poppykata98@gmail.com
✅ Successfully created user: olgapibars@gmail.com
✅ Successfully created user: olvermauns@gmail.com
✅ Successfully created user: etelle.ebner@gmail.com
✅ Successfully created user: jakobcoffey@gmail.com
✅ Successfully created user: ap.mediaproductions25@gmail.com
✅ Successfully created user: talajae@gmail.com
✅ Successfully created user: koletondover@gmail.com
✅ Successfully created user: garrettjulianproductions@gmail.com
✅ Successfully created user: balzano.arts@gmail.com
✅ Successfully created user: rosasjose530@gmail.com
✅ Successfully created user: antoniochen63@gmail.com
✅ Successfully created user: gloriawu125@gmail.com
✅ Successfully created user: kimheangvance@gmail.com
✅ Successfully created user: momentsinlockephotography@gmail.com
✅ Successfully created user: david.t@example.com
✅ Successfully created user: davinwlancasterwork@gmail.com
✅ Successfully created user: info@vsphotography.gallery
✅ Successfully created user: josh.cap@comcast.net
✅ Successfully created user: silverhope1388@yahoo.com
✅ Successfully created user: moreyuliaphoto@gmail.com
✅ Successfully created user: wyatt@wyattglosson.com
✅ Successfully created user: makphotodesign@gmail.com
✅ Successfully created user: trejurchest@gmail.com
✅ Successfully created user: joefrazzzz@gmail.com
✅ Successfully created user: jessicakatherin@gmail.com
✅ Successfully created user: jaimersonescue@gmail.com
✅ Successfully created user: stevebroyphotography@gmail.com
✅ Successfully created user: jrodriguezsolano5@gmail.com
✅ Successfully created user: sonmrx@gmail.com
✅ Successfully created user: sophiamose@hotmail.com
✅ Successfully created user: maluantillon.7@gmail.com
✅ Successfully created user: racheljacobus4768@aol.com
✅ Successfully created user: jhnaugustin1@gmail.com
✅ Successfully created user: joshua.cruz03.186@gmail.com
✅ Successfully created user: laura@nixiedesignstudios.com
✅ Successfully created user: kakar.sad2009@gmail.com
✅ Successfully created user: emily.r@example.com
✅ Successfully created user: lastarr.jamison17@gmail.com
✅ Successfully created user: jalen34@gmail.com
✅ Successfully created user: jd127266@gmail.com
✅ Successfully created user: ayo21.williams06@gmail.com
✅ Successfully created user: michaelortega1026@gmail.com
✅ Successfully created user: harmanchana@gmail.com
✅ Successfully created user: k.gimro@gmail.com
✅ Successfully created user: damian.griggs97@gmail.com
✅ Successfully created user: matthew@loveandphotos.com
✅ Successfully created user: gondola.bailey@outlook.com
✅ Successfully created user: charliegastelbondo@gmail.com
✅ Successfully created user: stanleycharlesmiami@gmail.com
✅ Successfully created user: nate@natehenryfilm.com
✅ Successfully created user: worksbybwonder@gmail.com
✅ Successfully created user: manuelrivano@hotmail.com
✅ Successfully created user: richardvill94@gmail.com
✅ Successfully created user: gislord7@gmail.com
✅ Successfully created user: tkachuk.yura@gmail.com
✅ Successfully created user: kevinlianphotography@gmail.com
✅ Successfully created user: weddingklicksgoa@gmail.com
✅ Successfully created user: alobaidirawaa@hotmail.com
✅ Successfully created user: adreedimond@gmail.com
✅ Successfully created user: jackibrinsley@gmail.com
✅ Successfully created user: shanadodson55@gmail.com
✅ Successfully created user: michellepulfer14@gmail.com
✅ Successfully created user: andbueche@gmail.com
✅ Successfully created user: fotosedov@icloud.com
✅ Successfully created user: andersonphotographymn@yahoo.com
✅ Successfully created user: ezraabernathyproductions@gmail.com
✅ Successfully created user: jlongle18@su.edu
✅ Successfully created user: kwmellon@gmail.com
✅ Successfully created user: pseignon53@yahoo.com
✅ Successfully created user: briannorman257@yahoo.com
✅ Successfully created user: avi.ram0449@gmail.com
✅ Successfully created user: tobikayode426@gmail.com
✅ Successfully created user: megan.clave@proton.me
✅ Successfully created user: isaiahlevijohn@gmail.com
✅ Successfully created user: mikefisch25@gmail.com
✅ Successfully created user: jenselein18@gmail.com
✅ Successfully created user: aboody.sarhan@gmail.com
✅ Successfully created user: grace.johnsonisabel@gmail.com
✅ Successfully created user: bekekyler@gmail.com
✅ Successfully created user: jayproduktions@gmail.com
✅ Successfully created user: alliew275@gmail.com
✅ Successfully created user: goodmanvictoria7@gmail.com
✅ Successfully created user: dredirect94@gmail.com
✅ Successfully created user: highdesertphoto2@gmail.com
✅ Successfully created user: mbevany@yahoo.com
✅ Successfully created user: madelynbsalas@gmail.com
✅ Successfully created user: cameron.l.jolly@gmail.com
✅ Successfully created user: sydneypudenz@gmail.com
✅ Successfully created user: mustafaaldulaimi265@gmail.com
✅ Successfully created user: ajgmd88@gmail.com
✅ Successfully created user: bward@wardmultimedia.com
✅ Successfully created user: kinnetickc@gmail.com
✅ Successfully created user: alainjordan235@gmail.com
✅ Successfully created user: samuelherter89@gmail.com
✅ Successfully created user: carl_andre19@yahoo.com
✅ Successfully created user: savannanut10@yahoo.com
✅ Successfully created user: hazen.batock@gmail.com
✅ Successfully created user: vuliemstudio18@gmail.com
✅ Successfully created user: photogenicbehavior@gmail.com
✅ Successfully created user: alexakelson03@gmail.com
✅ Successfully created user: sales@bowledoverphotography.com
✅ Successfully created user: dance_in_france@yahoo.com
✅ Successfully created user: sempflauren@gmail.com
✅ Successfully created user: skylerdoud@gmail.com
✅ Successfully created user: davidleiferphotography@gmail.com
✅ Successfully created user: brookeeden123@gmail.com
✅ Successfully created user: bmmuncy@gmail.com
✅ Successfully created user: quacyr@gmail.com
✅ Successfully created user: shalom@thiswhollylife.com
✅ Successfully created user: clearambitionsmedia@gmail.com
✅ Successfully created user: mariavara.photo@gmail.com
✅ Successfully created user: harkerahhh22@gmail.com
✅ Successfully created user: saegriffi@gmail.com
✅ Successfully created user: itsjuggg@gmail.com
✅ Successfully created user: patfio0523@gmail.com
✅ Successfully created user: collimariangel@gmail.com
✅ Successfully created user: fmaurinroell@gmail.com
✅ Successfully created user: maddyelric@gmail.com
✅ Successfully created user: rachel.walter.28@gmail.com
✅ Successfully created user: byrocow@gmail.com
✅ Successfully created user: madelinebrandt42@gmail.com
✅ Successfully created user: karleevaldez@yahoo.com
✅ Successfully created user: jessicathielke1723@gmail.com
✅ Successfully created user: felixxiacg@gmail.com
✅ Successfully created user: barracokatherine@gmail.com
✅ Successfully created user: sanjay@sanjayfgupta.com
✅ Successfully created user: david.yennerell@gmail.com
✅ Successfully created user: raiaday.design@gmail.com
✅ Successfully created user: ja-plunkett@hotmail.com
✅ Successfully created user: stellaclivilles@gmail.com
✅ Successfully created user: pickettantoine19@icloud.com
✅ Successfully created user: niman@me.com
✅ Successfully created user: manny_vasquez1982@yahoo.com
✅ Successfully created user: gouintye@yahoo.com
✅ Successfully created user: knbran94@yahoo.com
✅ Successfully created user: patvizion@gmail.com
✅ Successfully created user: cassreaphoto@gmail.com
✅ Successfully created user: strusphoto@gmail.com
✅ Successfully created user: dragonsong9000@aol.com
✅ Successfully created user: xeladigitalphotography@gmail.com
✅ Successfully created user: john@jmichaelwhalen.com
✅ Successfully created user: baileyeva@outlook.com
✅ Successfully created user: chosenchief@gmail.com
✅ Successfully created user: lvallep97@gmail.com
✅ Successfully created user: miladywordsmith@icloud.com
✅ Successfully created user: andyrandall84@gmail.com
✅ Successfully created user: emilyhj7@gmail.com
✅ Successfully created user: jacedlucas@icloud.com
✅ Successfully created user: trysta_d@hotmail.com
✅ Successfully created user: jjhowell.mtb@gmail.com
✅ Successfully created user: dirkdmyers@gmail.com
✅ Successfully created user: bvin1504@gmail.com
✅ Successfully created user: gvvngamo@gmail.com
✅ Successfully created user: theonlymobilebarber@gmail.com
✅ Successfully created user: jewelyapackart@gmail.com
✅ Successfully created user: syncere130@gmail.com
✅ Successfully created user: abcdefgwagon13@gmail.com
✅ Successfully created user: bry.sparkman15@gmail.com
✅ Successfully created user: dangeloharmon2@gmail.com
✅ Successfully created user: paiman.sult@gmail.com
✅ Successfully created user: bai.seawell@gmail.com
✅ Successfully created user: sjfranje@gmail.com
✅ Successfully created user: pantakan.lak@gmail.com
✅ Successfully created user: jsealie192@gmail.com
✅ Successfully created user: jordanmwork76@gmail.com
✅ Successfully created user: mailen1981@gmail.com
✅ Successfully created user: victoria@sprungphoto.com
✅ Successfully created user: adrainponeyscinema@gmail.com
✅ Successfully created user: mark@cluneyphoto.com
✅ Successfully created user: jamesk.loveandphotos@gmail.com
✅ Successfully created user: patricksprojects@yahoo.com
✅ Successfully created user: mgelase274@gmail.com
✅ Successfully created user: info@alensmedia.com
✅ Successfully created user: jewellstarrett.js@gmail.com
✅ Successfully created user: larrettt@gmail.com
✅ Successfully created user: purcell.lucas@gmail.com
✅ Successfully created user: perezroman13@gmail.com
✅ Successfully created user: michael.kalapala@gmail.com
✅ Successfully created user: sarahkey818@yahoo.com
✅ Successfully created user: dpayton@rocketmail.com
✅ Successfully created user: evad11208.5@gmail.com
✅ Successfully created user: lrphotography@wavecable.com
✅ Successfully created user: masendanke@gmail.com
✅ Successfully created user: kaitsmathers4564@yahoo.com
✅ Successfully created user: tyronejordan61919@gmail.com
✅ Successfully created user: prec.keeps@gmail.com
✅ Successfully created user: jeehoon6298@gmail.com
✅ Successfully created user: bbfw@mac.com
✅ Successfully created user: tdigan92@gmail.com
✅ Successfully created user: codyjoseph05@gmail.com
✅ Successfully created user: vivianavelazquez7020@gmail.com
✅ Successfully created user: sverashine45@gmail.com
✅ Successfully created user: jorellis@gmail.com
✅ Successfully created user: office@gentileimages.com
✅ Successfully created user: viva360co@gmail.com
✅ Successfully created user: nic@photomicevents.com
✅ Successfully created user: victoriac932@gmail.com
✅ Successfully created user: ministrydecastro@gmail.com
✅ Successfully created user: allen.nguyen792a18@gmail.com
✅ Successfully created user: wolftoothco@gmail.com
✅ Successfully created user: burnbrandclothes@gmail.com
✅ Successfully created user: studio1203@aol.com
✅ Successfully created user: black2lightventures@gmail.com
✅ Successfully created user: jordansnapped.photography@gmail.com
✅ Successfully created user: wglosson316@gmail.com
✅ Successfully created user: jaysfineartphotography@gmail.com
✅ Successfully created user: cailynmarie06@gmail.com
✅ Successfully created user: dalee.smith87@gmail.com
✅ Successfully created user: crystalmpaff@gmail.com
✅ Successfully created user: cegiddens@gmail.com
✅ Successfully created user: kyle.carrell@gmail.com
✅ Successfully created user: jasminemariephotography@outlook.com
✅ Successfully created user: makaylabruette@gmail.com
✅ Successfully created user: steppjj@yahoo.com
✅ Successfully created user: michaelvee1972@gmail.com
✅ Successfully created user: ttinmedia@gmail.com
✅ Successfully created user: jresner2002@gmail.com
✅ Successfully created user: stereo679wolf@gmail.com
✅ Successfully created user: jsaundersproductions@gmail.com
✅ Successfully created user: maddiekayphotography0@gmail.com
✅ Successfully created user: henneberrysteven@gmail.com
✅ Successfully created user: azafrancis@live.com
✅ Successfully created user: sgunnkealy@gmail.com
✅ Successfully created user: jamarilowe054@gmail.com
✅ Successfully created user: mvoss1913@gmail.com
✅ Successfully created user: cmjphoto.antlerrun@gmail.com
✅ Successfully created user: emberube12@gmail.com
✅ Successfully created user: starrjphotography@gmail.com
✅ Successfully created user: corsonnate@gmail.com
✅ Successfully created user: kie.photoedit@gmail.com
✅ Successfully created user: darlene.puzon@gmail.com
✅ Successfully created user: kai.michlmayr@gmail.com
✅ Successfully created user: heyvictor6@gmail.com
✅ Successfully created user: katybatdorff@gmail.com
✅ Successfully created user: brucen1012@gmail.com
✅ Successfully created user: rectrofan12@gmail.com
✅ Successfully created user: oneprimephoto@gmail.com
✅ Successfully created user: arlihazelviz@gmail.com
✅ Successfully created user: erbesydnee@gmail.com
✅ Successfully created user: benazone38@gmail.com
✅ Successfully created user: dakotaddhuey@gmail.com
✅ Successfully created user: wilder.brian@gmail.com
✅ Successfully created user: hello@adrianmataweddings.com
✅ Successfully created user: mcleodjones@gmail.com
✅ Successfully created user: resendezveronica14@gmail.com
✅ Successfully created user: shana.dodson55@gmail.com
✅ Successfully created user: sabrinasnapsphoto@gmail.com
✅ Successfully created user: isabelelena95@gmail.com
✅ Successfully created user: naisthirdeyephotography@gmail.com
✅ Successfully created user: aubrey12bright@gmail.com
✅ Successfully created user: isabellasoseman@gmail.com
✅ Successfully created user: chrissoutsider@gmail.com
✅ Successfully created user: matt.reiff.86@gmail.com
✅ Successfully created user: amycheyka@gmail.com
✅ Successfully created user: riley.daub@gmail.com
✅ Successfully created user: douglasgernetzky935@gmail.com
✅ Successfully created user: chill528@gmail.com
✅ Successfully created user: kameronhall11@gmail.com
✅ Successfully created user: josephhanley68@gmail.com
✅ Successfully created user: timpricemedia@gmail.com
✅ Successfully created user: mikhaelcometa@gmail.com
✅ Successfully created user: kris.streeter22@gmail.com
✅ Successfully created user: coxalex407@gmail.com
✅ Successfully created user: bayofame@gmail.com
✅ Successfully created user: inspiredvideo@yahoo.com
✅ Successfully created user: mykelharris2002@gmail.com
✅ Successfully created user: jayyboyyswagg450@gmail.com
✅ Successfully created user: gwoptv@gmail.com
✅ Successfully created user: njackson4574@gmail.com
✅ Successfully created user: ocsportsnut@yahoo.com
✅ Successfully created user: info@samuelreyesmedia.com
✅ Successfully created user: amanda@acophotography.com
✅ Successfully created user: jackccamp@gmail.com
✅ Successfully created user: foreveronmedia@gmail.com
✅ Successfully created user: hilmiceli@outlook.com
✅ Successfully created user: michaelandkimfish@gmail.com
✅ Successfully created user: hunter.haleyn@gmail.com
✅ Successfully created user: jeremyntish@hotmail.com

============================================================
📈 IMPORT SUMMARY
============================================================
✅ Successfully imported: 1027 users
❌ Failed to import: 47 users
📊 Total processed: 1074 users

⚠️  Error details saved to: ./import_errors.json

✨ Import process completed!

📝 Important Notes:
- Temporary passwords were generated for each user
- Users will need to reset their passwords on first login
- User metadata (full_name, role, phone, avatar_url) has been set
- This metadata will populate the public.users table via triggers
